src/pages/CompanyDetail.tsx(11,12): error TS6133: 'error' is declared but its value is never read.
src/pages/CompanyForm.tsx(11,18): error TS2307: Cannot find module 'leaflet/dist/images/marker-icon.png' or its corresponding type declarations.
src/pages/CompanyForm.tsx(12,24): error TS2307: Cannot find module 'leaflet/dist/images/marker-shadow.png' or its corresponding type declarations.
